
> axjc-mobile-react-template@0.0.0 build
> vite build

[36mvite v7.3.6 [32mbuilding client environment for production...[36m[39m
transforming...
[32m✓[39m 2053 modules transformed.
rendering chunks...
computing gzip size...
[2mdist/[22m[32mindex.html                    [39m[1m[2m  0.73 kB[22m[1m[22m[2m │ gzip:   0.38 kB[22m
[2mdist/[22m[32massets/keumgang-B9Qp2OIs.png  [39m[1m[2m169.65 kB[22m[1m[22m
[2mdist/[22m[35massets/index-BZWJHurV.css     [39m[1m[2m 43.57 kB[22m[1m[22m[2m │ gzip:   7.63 kB[22m
[2mdist/[22m[36massets/index-Chsvo_tP.js      [39m[1m[33m544.65 kB[39m[22m[2m │ gzip: 154.75 kB[22m
[32m✓ built in 13.63s[39m
